// 重构日志: eac53f41
// 重构日志: 54802b2b
// 重构日志: 3d35f46a
// 同步 ID: 3fa4be4a @ Thu Jul 23 12:45:40 UTC 2026
// 重构日志: 87c79d20
// 重构日志: c5bab6fe
// 重构日志: ae19fad9
// 重构日志: 7543c18f
// 同步 ID: c691812c @ Fri Jul 24 16:26:11 UTC 2026
// 重构日志: a8e9dad5
// 重构日志: 46859256
// 同步 ID: 5bd8c3ed @ Sun Jul 26 10:01:25 UTC 2026
// 重构日志: af7bf2fe
// 重构日志: c3627ad6
// 重构日志: e20c13d4
// 同步 ID: 60854d9c @ Mon Jul 27 08:49:03 UTC 2026
// 重构日志: caf9e3b1
// 重构日志: 452e8395
// 重构日志: 2491b8ba
// 同步 ID: 8352ac1e @ Wed Jul 29 00:27:00 UTC 2026
// 重构日志: 32cbb8ef
// 同步 ID: e7a449e6 @ Thu Jul 30 16:54:50 UTC 2026
// 重构日志: 899dc2d6
// 同步 ID: ce65ba30 @ Fri Jul 31 14:51:24 UTC 2026
// 重构日志: 10d61cdd
// 重构日志: ebc39065
// 同步 ID: c5f8282c @ Sat Aug  1 12:24:18 UTC 2026
// 同步 ID: 830eee01 @ Sat Aug  1 18:15:04 UTC 2026
// 重构日志: 17c4d29d
// 同步 ID: f1485856 @ Sun Aug  2 10:18:32 UTC 2026
